Perintah GIT

Working Tree->Staging Area->History
Fast Forward Merge : Terjadi ketika branch yang ingin kita gabungkan berada dlm jalur langsung(direct path) 
Three-way Merge

$ git init <dir> : Membuat Repo Master Pada Direktori yang ditentukan
$ git clone <dir> : Untuk Mengcopy Isi direktory oranglain ke device sendiri.
$ git add <file(s)> : Memindahkan file ke Staging Area
$ git add . : Memindahkan semua file
$ git status : Melihat status File yang belum di commit
$ git commit -m : Menyimpan file
$ git log : Melihat log aktivitas
$ git log -3 : Melihat log aktivitas 3 terakhir 
$ git log -- style.css : Melihat log detail pada suatu file
$ git checkout 3369a -- style.css : Mengembalikan file yang sudah terhapus
$ git checkout <nama branch> : Perintah mengganti branch yang digunakan
$ git config : Konfigurasi nama dan email 
$ git branch <nama branch>: Membuat Branch baru dari repo master
$ git branch -d <nama branch> : menghapus branch yang sudah di merge
$ git branch -D <nama branch> : menghapus branch yang belum di merge
$ git pull : mengambil file dari master dan bisa digunakan untuk menyelesaikan merge conflict 
$ git help : Bantuan cara menggunakan git

Cara Commit Git
Buat Direktori di C:User/riczky/Desktop/riczky-test-repo

$ cd User/riczky/Desktop/riczky-test-repo
$ git init
buat file index.html
$ git add index.html
rizqi@DESKTOP-P4K04E5 MINGW64 ~/desktop/riczky-test-repo (master)
$ git status
On branch master

No commits yet

Changes to be committed:
  (use "git rm --cached <file>..." to unstage)
        new file:   index.html

rizqi@DESKTOP-P4K04E5 MINGW64 ~/desktop/riczky-test-repo (master)
$ git config --global user.name "riczky"

rizqi@DESKTOP-P4K04E5 MINGW64 ~/desktop/riczky-test-repo (master)
$ git config --global user.email "riczkyprince@gmail.com"

rizqi@DESKTOP-P4K04E5 MINGW64 ~/desktop/riczky-test-repo (master)
$ git commit -m "Menambahkan file index.html"
[master (root-commit) b247af3] Menambahkan file index.html
 1 file changed, 11 insertions(+)
 create mode 100644 index.html

$ git status
On branch master
nothing to commit, working tree clean

======================================================================================
Mengembalikan file yang sudah terhapus git checkout
rizqi@DESKTOP-P4K04E5 MINGW64 ~/desktop/riczky-test-repo (master)
$ git log -- style.css
commit 8ee76a942a850cfaea8403c4783b825291fea91e (HEAD -> master)
Author: riczky <riczkyprince@gmail.com>
Date:   Wed Jan 6 13:53:02 2021 +0700

    melakukan perubahan

commit 3369abb78b6ea217b9b1ee45fe2657ea3c79d068
Author: riczky <riczkyprince@gmail.com>
Date:   Wed Jan 6 13:49:04 2021 +0700

    Mengubah file index dan menambahkan file style.css

rizqi@DESKTOP-P4K04E5 MINGW64 ~/desktop/riczky-test-repo (master)
$ git checkout 3369a -- style.css

rizqi@DESKTOP-P4K04E5 MINGW64 ~/desktop/riczky-test-repo (master)
$ git commit -m "Mengembalikkan style.css"
[master 275460c] Mengembalikkan style.css
 1 file changed, 3 insertions(+)
 create mode 100644 style.css

rizqi@DESKTOP-P4K04E5 MINGW64 ~/desktop/riczky-test-repo (master)
$ git status
On branch master
nothing to commit, working tree clean

=========================================================================================
Git Branch

rizqi@DESKTOP-P4K04E5 MINGW64 ~/desktop/riczky-test-repo-2 (master)
$ git branch
* master

rizqi@DESKTOP-P4K04E5 MINGW64 ~/desktop/riczky-test-repo-2 (master)
$ git branch dosen

rizqi@DESKTOP-P4K04E5 MINGW64 ~/desktop/riczky-test-repo-2 (master)
$ git branch staff

rizqi@DESKTOP-P4K04E5 MINGW64 ~/desktop/riczky-test-repo-2 (master)
$ git branch
  dosen
* master
  staff

rizqi@DESKTOP-P4K04E5 MINGW64 ~/desktop/riczky-test-repo-2 (master)
$ git log --all --decorate --oneline --graph
* 17abc08 (HEAD -> master, staff, dosen) Menambahkan 1 data mahasiswa
* 8a4d038 Menambahkan File Mahasiswa.html

rizqi@DESKTOP-P4K04E5 MINGW64 ~/desktop/riczky-test-repo-2 (master)
$ alias graph="git log --all --decorate --oneline --graph"

rizqi@DESKTOP-P4K04E5 MINGW64 ~/desktop/riczky-test-repo-2 (master)
$ graph
* 17abc08 (HEAD -> master, staff, dosen) Menambahkan 1 data mahasiswa
* 8a4d038 Menambahkan File Mahasiswa.html

rizqi@DESKTOP-P4K04E5 MINGW64 ~/desktop/riczky-test-repo-2 (master)
$ git checkout dosen
Switched to branch 'dosen'

rizqi@DESKTOP-P4K04E5 MINGW64 ~/desktop/riczky-test-repo-2 (dosen)
$ git branch
* dosen
  master
  staff

rizqi@DESKTOP-P4K04E5 MINGW64 ~/desktop/riczky-test-repo-2 (dosen)
$ git status
On branch dosen
Untracked files:
  (use "git add <file>..." to include in what will be committed)
        dosen.html

nothing added to commit but untracked files present (use "git add" to track)
===================================
Commit dosen.html
rizqi@DESKTOP-P4K04E5 MINGW64 ~/desktop/riczky-test-repo-2 (dosen)
$ git add .

rizqi@DESKTOP-P4K04E5 MINGW64 ~/desktop/riczky-test-repo-2 (dosen)
$ git commit -m "menambahkan file dosen"
[dosen 2e4d16e] menambahkan file dosen
 1 file changed, 15 insertions(+)
 create mode 100644 dosen.html

rizqi@DESKTOP-P4K04E5 MINGW64 ~/desktop/riczky-test-repo-2 (dosen)
$ git commit
On branch dosen
nothing to commit, working tree clean

===================================
Git Merge Dosen

$ git checkout master 
rizqi@DESKTOP-P4K04E5 MINGW64 ~/desktop/riczky-test-repo-2 (master)
$ git merge dosen
Updating 17abc08..2e4d16e
Fast-forward
 dosen.html | 15 +++++++++++++++
 1 file changed, 15 insertions(+)
 create mode 100644 dosen.html
===================================
Menghapus Branch
$ git branch -d dosen

=============================
Git Merge Staff
rizqi@DESKTOP-P4K04E5 MINGW64 ~/desktop/riczky-test-repo-2 (master)
$ git merge staff
Merge made by the 'recursive' strategy.
 staff.html | 16 ++++++++++++++++
 1 file changed, 16 insertions(+)
 create mode 100644 staff.html

=============================
Git Commit
rizqi@DESKTOP-P4K04E5 MINGW64 ~/desktop/riczky-test-repo-2 (master)
$ git status
On branch master
Changes not staged for commit:
  (use "git add <file>..." to update what will be committed)
  (use "git restore <file>..." to discard changes in working directory)
        modified:   mahasiswa.html

no changes added to commit (use "git add" and/or "git commit -a")

rizqi@DESKTOP-P4K04E5 MINGW64 ~/desktop/riczky-test-repo-2 (master)
$ git commit -am "mengubah isi dari file mahasiswa.html"
[master 5baafec] mengubah isi dari file mahasiswa.html
 1 file changed, 4 insertions(+), 3 deletions(-)

===============================
Merge Conflict

rizqi@DESKTOP-P4K04E5 MINGW64 ~/desktop/riczky-test-repo-2 (master)
$ graph
* 5baafec (HEAD -> master) mengubah isi dari file mahasiswa.html
| * d248709 (dev) mengubah file mahasiswa
|/
*   0e2c769 Merge branch 'staff' into master
|\
| * 433790e (staff) menambahkan file staff.html
* | 2e4d16e (dosen) menambahkan file dosen
|/
* 17abc08 Menambahkan 1 data mahasiswa
* 8a4d038 Menambahkan File Mahasiswa.html

rizqi@DESKTOP-P4K04E5 MINGW64 ~/desktop/riczky-test-repo-2 (master)
$ git merge dev
Auto-merging mahasiswa.html
CONFLICT (content): Merge conflict in mahasiswa.html
Automatic merge failed; fix conflicts and then commit the result.

rizqi@DESKTOP-P4K04E5 MINGW64 ~/desktop/riczky-test-repo-2 (master|MERGING)
$ git status
On branch master
You have unmerged paths.
  (fix conflicts and run "git commit")
  (use "git merge --abort" to abort the merge)

Unmerged paths:
  (use "git add <file>..." to mark resolution)
        both modified:   mahasiswa.html

no changes added to commit (use "git add" and/or "git commit -a")

rizqi@DESKTOP-P4K04E5 MINGW64 ~/desktop/riczky-test-repo-2 (master|MERGING)
$ git add .

rizqi@DESKTOP-P4K04E5 MINGW64 ~/desktop/riczky-test-repo-2 (master|MERGING)
$ git commit -m "Merge Dev"
[master 9f48b57] Merge Dev

rizqi@DESKTOP-P4K04E5 MINGW64 ~/desktop/riczky-test-repo-2 (master)
$ graph
*   9f48b57 (HEAD -> master) Merge Dev
|\
| * d248709 (dev) mengubah file mahasiswa
* | 5baafec mengubah isi dari file mahasiswa.html
|/
*   0e2c769 Merge branch 'staff' into master
|\
| * 433790e (staff) menambahkan file staff.html
* | 2e4d16e (dosen) menambahkan file dosen
|/
* 17abc08 Menambahkan 1 data mahasiswa

===============================
git clone

$ git clone https://github.com/riczky/git-test.git
Cloning into 'git-test'...
remote: Enumerating objects: 3, done.
remote: Counting objects: 100% (3/3), done.
remote: Total 3 (delta 0), reused 0 (delta 0), pack-reused 0
Unpacking objects: 100% (3/3), 620 bytes | 5.00 KiB/s, done.

========================================================================================================
git remote

rizqi@DESKTOP-P4K04E5 MINGW64 ~/Desktop/git-test (main)
$ git remote
origin

rizqi@DESKTOP-P4K04E5 MINGW64 ~/Desktop/git-test (main)
$ git remote -v
origin  https://github.com/riczky/git-test.git (fetch)
origin  https://github.com/riczky/git-test.git (push)

rizqi@DESKTOP-P4K04E5 MINGW64 ~/Desktop/git-test (main)
$ git status
On branch main
Your branch is up to date with 'origin/main'.

nothing to commit, working tree clean

rizqi@DESKTOP-P4K04E5 MINGW64 ~/Desktop/git-test (main)
$ alias graph="git log --all --decorate --oneline --graph"

rizqi@DESKTOP-P4K04E5 MINGW64 ~/Desktop/git-test (main)
$ graph
* 3faee87 (HEAD -> main, origin/main, origin/HEAD) Initial commit

rizqi@DESKTOP-P4K04E5 MINGW64 ~/Desktop/git-test (main)
$ git status
On branch main
Your branch is up to date with 'origin/main'.

Untracked files:
  (use "git add <file>..." to include in what will be committed)
        index.html

nothing added to commit but untracked files present (use "git add" to track)

rizqi@DESKTOP-P4K04E5 MINGW64 ~/Desktop/git-test (main)
$ git add .

rizqi@DESKTOP-P4K04E5 MINGW64 ~/Desktop/git-test (main)
$ git commit -m "menambahkan file index.html"
[main 61059e3] menambahkan file index.html
 1 file changed, 11 insertions(+)
 create mode 100644 index.html

rizqi@DESKTOP-P4K04E5 MINGW64 ~/Desktop/git-test (main)
$ git status
On branch main
Your branch is ahead of 'origin/main' by 1 commit.
  (use "git push" to publish your local commits)

nothing to commit, working tree clean

rizqi@DESKTOP-P4K04E5 MINGW64 ~/Desktop/git-test (main)
$ git status
On branch main
Your branch is ahead of 'origin/main' by 1 commit.
  (use "git push" to publish your local commits)

nothing to commit, working tree clean

====================================================================================
Remote dari file Local ke Github

- Buat Folder $ mkdir nama folder
- Buat Repository $ git init
- Tambahkan file index.php
- $git status
- $git add .
- $git commit -m "menambahkan file index.php"

Buat Repo di Github dengan nama yang sama tanpa readme .md
rizqi@DESKTOP-P4K04E5 MINGW64 ~/Desktop/git-test-2 (master)
$ git remote add testRemote https://github.com/riczky/git-test-2.git

rizqi@DESKTOP-P4K04E5 MINGW64 ~/Desktop/git-test-2 (master)
$ git remote
testRemote

rizqi@DESKTOP-P4K04E5 MINGW64 ~/Desktop/git-test-2 (master)
$ git push -u testRemote master
Enumerating objects: 6, done.
Counting objects: 100% (6/6), done.
Delta compression using up to 4 threads
Compressing objects: 100% (4/4), done.
Writing objects: 100% (6/6), 753 bytes | 753.00 KiB/s, done.
Total 6 (delta 1), reused 0 (delta 0), pack-reused 0
remote: Resolving deltas: 100% (1/1), done.
To https://github.com/riczky/git-test-2.git
 * [new branch]      master -> master
Branch 'master' set up to track remote branch 'master' from 'testRemote'.

rizqi@DESKTOP-P4K04E5 MINGW64 ~/Desktop/git-test-2 (master)
$ git status
On branch master
Your branch is up to date with 'testRemote/master'.

nothing to commit, working tree clean

===========================================================================================
Merge Conflict menggunakan git pull


rizqi@DESKTOP-P4K04E5 MINGW64 ~/Desktop/git-test-2 (master)
$ graph
* 944fad7 (HEAD -> master) menambahkan file css
| * bf3c41d (testRemote/master) Menambahkan file css
|/
* 58a498e menambahkan list
* 02edefe menambahkan paragraf
* 0a2d4c2 menambahkan file index.php

rizqi@DESKTOP-P4K04E5 MINGW64 ~/Desktop/git-test-2 (master)
$ git pull
CONFLICT (add/add): Merge conflict in style.css
Auto-merging style.css
Automatic merge failed; fix conflicts and then commit the result.

rizqi@DESKTOP-P4K04E5 MINGW64 ~/Desktop/git-test-2 (master|MERGING)
$ git status
On branch master
Your branch and 'testRemote/master' have diverged,
and have 1 and 1 different commits each, respectively.
  (use "git pull" to merge the remote branch into yours)

You have unmerged paths.
  (fix conflicts and run "git commit")
  (use "git merge --abort" to abort the merge)

Unmerged paths:
  (use "git add <file>..." to mark resolution)
        both added:      style.css

no changes added to commit (use "git add" and/or "git commit -a")

rizqi@DESKTOP-P4K04E5 MINGW64 ~/Desktop/git-test-2 (master|MERGING)
$ git commit -am "mengubah isi file style.css"
[master 12241be] mengubah isi file style.css

rizqi@DESKTOP-P4K04E5 MINGW64 ~/Desktop/git-test-2 (master)
$ git status
On branch master
Your branch is ahead of 'testRemote/master' by 2 commits.
  (use "git push" to publish your local commits)

nothing to commit, working tree clean

rizqi@DESKTOP-P4K04E5 MINGW64 ~/Desktop/git-test-2 (master)
$ git push
Enumerating objects: 9, done.
Counting objects: 100% (9/9), done.
Delta compression using up to 4 threads
Compressing objects: 100% (4/4), done.
Writing objects: 100% (6/6), 624 bytes | 624.00 KiB/s, done.
Total 6 (delta 0), reused 0 (delta 0), pack-reused 0
To https://github.com/riczky/git-test-2.git
   bf3c41d..12241be  master -> master

rizqi@DESKTOP-P4K04E5 MINGW64 ~/Desktop/git-test-2 (master)
$ graph
*   12241be (HEAD -> master, testRemote/master) mengubah isi file style.css
|\
| * bf3c41d Menambahkan file css
* | 944fad7 menambahkan file css
|/
* 58a498e menambahkan list
* 02edefe menambahkan paragraf
* 0a2d4c2 menambahkan file index.php
